#-----------------------------------------------------------
# Vivado v2015.2 (64-bit)
# SW Build 1266856 on Fri Jun 26 16:35:25 MDT 2015
# IP Build 1264090 on Wed Jun 24 14:22:01 MDT 2015
# Start of session at: Mon Feb 18 17:53:46 2019
# Process ID: 11432
# Log file: C:/Users/azamk/Desktop/Vivzdo/modulator/vivado.log
# Journal file: C:/Users/azamk/Desktop/Vivzdo/modulator\vivado.jou
#-----------------------------------------------------------
start_gui
open_project C:/Users/azamk/Desktop/Vivzdo/modulator/modulator.xpr
create_fileset -simset sim_3
set_property SOURCE_SET sources_1 [get_filesets sim_3]
file mkdir C:/Users/azamk/Desktop/Vivzdo/modulator/modulator.srcs/sim_3/new
close [ open C:/Users/azamk/Desktop/Vivzdo/modulator/modulator.srcs/sim_3/new/sine_top_tb.vhd w ]
add_files -fileset sim_3 C:/Users/azamk/Desktop/Vivzdo/modulator/modulator.srcs/sim_3/new/sine_top_tb.vhd
update_compile_order -fileset sim_3
update_compile_order -fileset sim_3
update_compile_order -fileset sim_3
update_compile_order -fileset sim_3
remove_files -fileset sim_3 C:/Users/azamk/Desktop/Vivzdo/modulator/modulator.srcs/sim_3/new/sine_top_tb.vhd
update_compile_order -fileset sim_3
launch_simulation -simset sim_2
source counter_tb.tcl
close_sim
current_fileset -simset [ get_filesets sim_3 ]
launch_simulation -simset sim_3
source sine_top.tcl
run 4 ms
reset_run synth_1
launch_runs synth_1
wait_on_run synth_1
delete_fileset sim_3
current_fileset -simset [ get_filesets sim_2 ]
delete_fileset sim_3
create_fileset -simset sim_3
set_property SOURCE_SET sources_1 [get_filesets sim_3]
file mkdir C:/Users/azamk/Desktop/Vivzdo/modulator/modulator.srcs/sim_3/new
close [ open C:/Users/azamk/Desktop/Vivzdo/modulator/modulator.srcs/sim_3/new/sine_top_tb.vhd w ]
add_files -fileset sim_3 C:/Users/azamk/Desktop/Vivzdo/modulator/modulator.srcs/sim_3/new/sine_top_tb.vhd
update_compile_order -fileset sim_3
update_compile_order -fileset sim_3
update_compile_order -fileset sim_3
update_compile_order -fileset sim_3
set_property is_enabled false [get_files  C:/Users/azamk/Desktop/Vivzdo/modulator/modulator.srcs/sim_3/new/sine_top_tb.vhd]
update_compile_order -fileset sim_3
set_property is_enabled true [get_files  C:/Users/azamk/Desktop/Vivzdo/modulator/modulator.srcs/sim_3/new/sine_top_tb.vhd]
update_compile_order -fileset sim_3
update_compile_order -fileset sim_3
update_compile_order -fileset sim_3
update_compile_order -fileset sim_3
update_compile_order -fileset sim_3
update_compile_order -fileset sim_3
update_compile_order -fileset sim_3
current_fileset -simset [ get_filesets sim_3 ]
launch_simulation -simset sim_3
source sine_top_tb.tcl
run 4 ms
# Disabling source management mode.  This is to allow the top design properties to be set without GUI intervention.
set_property source_mgmt_mode None [current_project]
set_property top sine_top [current_fileset]
# Re-enabling previously disabled source management mode.
set_property source_mgmt_mode All [current_project]
reset_run synth_1
launch_runs synth_1
wait_on_run synth_1
open_run synth_1 -name synth_1
close [ open C:/Users/azamk/Desktop/Vivzdo/modulator/modulator.srcs/sources_1/new/pwm.vhd w ]
add_files C:/Users/azamk/Desktop/Vivzdo/modulator/modulator.srcs/sources_1/new/pwm.vhd
update_compile_order -fileset sources_1
create_fileset -simset sim_4
set_property SOURCE_SET sources_1 [get_filesets sim_4]
file mkdir C:/Users/azamk/Desktop/Vivzdo/modulator/modulator.srcs/sim_4/new
close [ open C:/Users/azamk/Desktop/Vivzdo/modulator/modulator.srcs/sim_4/new/pwm_tb.vhd w ]
add_files -fileset sim_4 C:/Users/azamk/Desktop/Vivzdo/modulator/modulator.srcs/sim_4/new/pwm_tb.vhd
update_compile_order -fileset sim_4
update_compile_order -fileset sim_4
update_compile_order -fileset sim_4
update_compile_order -fileset sim_4
current_fileset -simset [ get_filesets sim_4 ]
launch_simulation -simset sim_4
source pwm_tb.tcl
run 25 ms
close_sim
close [ open C:/Users/azamk/Desktop/Vivzdo/modulator/modulator.srcs/sources_1/new/modulator.vhd w ]
add_files C:/Users/azamk/Desktop/Vivzdo/modulator/modulator.srcs/sources_1/new/modulator.vhd
update_compile_order -fileset sources_1
create_fileset -simset sim_5
set_property SOURCE_SET sources_1 [get_filesets sim_5]
file mkdir C:/Users/azamk/Desktop/Vivzdo/modulator/modulator.srcs/sim_5/new
close [ open C:/Users/azamk/Desktop/Vivzdo/modulator/modulator.srcs/sim_5/new/modulator_tb.vhd w ]
add_files -fileset sim_5 C:/Users/azamk/Desktop/Vivzdo/modulator/modulator.srcs/sim_5/new/modulator_tb.vhd
update_compile_order -fileset sim_5
update_compile_order -fileset sim_5
update_compile_order -fileset sim_5
current_fileset -simset [ get_filesets sim_5 ]
launch_simulation -simset sim_5
source sine_top.tcl
close_sim
launch_simulation -simset sim_5
source sine_top.tcl
# Disabling source management mode.  This is to allow the top design properties to be set without GUI intervention.
set_property source_mgmt_mode None [current_project]
set_property top modulator_tb [get_filesets sim_5]
set_property top_lib xil_defaultlib [get_filesets sim_5]
# Re-enabling previously disabled source management mode.
set_property source_mgmt_mode All [current_project]
update_compile_order -fileset sim_5
launch_simulation -simset sim_5
source modulator_tb.tcl
run 20 ms
close [ open C:/Users/azamk/Desktop/Vivzdo/modulator/modulator.srcs/sources_1/new/modulator_wrapper.vhd w ]
add_files C:/Users/azamk/Desktop/Vivzdo/modulator/modulator.srcs/sources_1/new/modulator_wrapper.vhd
update_compile_order -fileset sources_1
# Disabling source management mode.  This is to allow the top design properties to be set without GUI intervention.
set_property source_mgmt_mode None [current_project]
set_property top modulator_wrapper [current_fileset]
# Re-enabling previously disabled source management mode.
set_property source_mgmt_mode All [current_project]
update_compile_order -fileset sources_1
close_sim
close_sim
close_sim
close_sim
